============================= test session starts =============================
platform win32 -- Python 3.11.13, pytest-8.4.2, pluggy-1.6.0 -- C:\Users\enzo.cAo\Documents\Projects\projet_recherche\New_LTPP\.venv\Scripts\python.exe
cachedir: .pytest_cache
rootdir: C:\Users\enzo.cAo\Documents\Projects\projet_recherche\New_LTPP
configfile: pytest.ini
plugins: hydra-core-1.3.2, cov-7.0.0, torchtyping-0.1.5, typeguard-2.13.3
collecting ... collected 0 items / 1 error

=================================== ERRORS ====================================
____________ ERROR collecting tests/stat_metrics/test_m_kernel.py _____________
ImportError while importing test module 'C:\Users\enzo.cAo\Documents\Projects\projet_recherche\New_LTPP\tests\stat_metrics\test_m_kernel.py'.
Hint: make sure your test modules/packages have valid Python names.
Traceback:
..\..\..\..\AppData\Roaming\uv\python\cpython-3.11.13-windows-x86_64-none\Lib\importlib\__init__.py:126: in import_module
    return _bootstrap._gcd_import(name[level:], package, level)
           ^^^^^^^^^^^^^^^^^^^^^^^^^^^^^^^^^^^^^^^^^^^^^^^^^^^^
tests\stat_metrics\test_m_kernel.py:6: in <module>
    from new_ltpp.evaluation.statistical_testing.kernels.m_kernel import (
new_ltpp\evaluation\statistical_testing\__init__.py:15: in <module>
    from .config_builders import (
new_ltpp\evaluation\statistical_testing\config_builders\__init__.py:3: in <module>
    from .test_config_builder import (
new_ltpp\evaluation\statistical_testing\config_builders\test_config_builder.py:6: in <module>
    from new_ltpp.evaluation.statistical_testing.tests_configs import (
E   ModuleNotFoundError: No module named 'new_ltpp.evaluation.statistical_testing.tests_configs'
=========================== short test summary info ===========================
ERROR tests/stat_metrics/test_m_kernel.py
!!!!!!!!!!!!!!!!!!! Interrupted: 1 error during collection !!!!!!!!!!!!!!!!!!!!
============================== 1 error in 9.42s ===============================
